// Jest Snapshot v1, https://goo.gl/fbAQLP

exports[`renders homepage unchanged 1`] = `
<ShopLayout
  pageDescription="Find the trendy products here!"
  title="Ona Shop - Home"
>
  <Image
    alt="hero banner"
    src={null}
  />
  <ForwardRef(Typography)
    align="center"
    component="h1"
    sx={
      Object {
        "mb": 2,
        "mt": 5,
      }
    }
    variant="h1"
  >
    Choose the perfect outfit!
  </ForwardRef(Typography)>
  <ForwardRef(Typography)
    align="center"
    sx={
      Object {
        "mb": 5,
        "textDecoration": "underline",
      }
    }
    variant="h2"
  >
    All the products you need for your next trip
  </ForwardRef(Typography)>
  <FullScreenLoading />
</ShopLayout>
`;
